// Vitest Snapshot v1, https://vitest.dev/guide/snapshot.html

exports[`Journey page > matches the snapshot 1`] = `
<div>
  <div
    class="prose"
  >
    <h1
      class="hero__title"
    >
      Journey
    </h1>
    <p>
      PolyShape was founded in 2023 with initial research activity in the UK, and expanded in 2025, establishing its headquarters in Greece. From the outset, the company has focused on the development and orchestration of multi-agent AI systems, applying these technologies through research and consulting across multiple domains.
    </p>
  </div>
</div>
`;
