// Vitest Snapshot v1, https://vitest.dev/guide/snapshot.html

exports[`Journey page > matches the snapshot 1`] = `
<div>
  <div
    class="prose"
  >
    <h1
      class="hero__title"
    >
      Journey
    </h1>
    <p>
      PolyShape was founded in 2023, with initial research activity in the UK, and expanded in 2025 with an additional base in Greece. From the outset, the company has focused on the development of multi-agent orchestration systems and their application through research, development and consulting across multiple domains.
    </p>
  </div>
</div>
`;
